
> games-app@0.1.0 build
> next build

node.exe : ΓÜá Warning: Next.js inferred your workspace root, but it may not 
be correct.
At C:\Users\shann\AppData\Roaming\npm\npm.ps1:24 char:5
+     & "node$exe"  "$basedir/node_modules/npm/bin/npm-cli.js" $args
+     ~~~~~~~~~~~~~~~~~~~~~~~~~~~~~~~~~~~~~~~~~~~~~~~~~~~~~~~~~~~~~~
    + CategoryInfo          : NotSpecified: (ΓÜá Warning: Ne...not be correct. 
   :String) [], RemoteException
    + FullyQualifiedErrorId : NativeCommandError
 
 We detected multiple lockfiles and selected the directory of 
C:\Users\shann\package-lock.json as the root directory.
 To silence this warning, set `turbopack.root` in your Next.js config, or 
consider removing one of the lockfiles if it's not needed.
   See https://nextjs.org/docs/app/api-reference/config/next-config-js/turbopac
k#root-directory for more information.
 Detected additional lockfiles: 
   * C:\Users\shann\Desktop\training\games-app\package-lock.json

Γ¿» Another next build process is already running.

  This could be:
  - A next build still in progress
  - A previous build that didn't exit cleanly

  Suggestion: Wait for the build to complete.
